../Core/Src/Actuator_Control.c:84:6:Actuator_Control_Init	8	static
../Core/Src/Actuator_Control.c:92:6:Actuator_Set_Debug	16	static
../Core/Src/Actuator_Control.c:100:6:Actuator_Set_Total_Speed	16	static
../Core/Src/Actuator_Control.c:109:6:Actuator_Set_Soft_Start	4	static
../Core/Src/Actuator_Control.c:120:6:Actuator_Control_Handler	8	static
../Core/Src/Actuator_Control.c:126:9:Actuator_Get_State	4	static
../Core/Src/Actuator_Control.c:131:9:Actuator_Set_Look_Ahead_Distance	16	static
../Core/Src/Actuator_Control.c:139:9:Actuator_Reach_Look_Ahead_Distance	16	static
../Core/Src/Actuator_Control.c:148:14:PositionPID	48	static
../Core/Src/Actuator_Control.c:176:14:IncrementalPID	40	static
../Core/Src/Actuator_Control.c:197:14:ReadPositionSensor	16	static
../Core/Src/Actuator_Control.c:203:13:SetActuatorSpeed	24	static
../Core/Src/Actuator_Control.c:237:6:ActuatorSystem_Init	4	static
../Core/Src/Actuator_Control.c:290:6:ActuatorSystem_Stop	8	static
../Core/Src/Actuator_Control.c:302:6:ActuatorSystem_SetTarget	40	static
../Core/Src/Actuator_Control.c:323:6:ActuatorSystem_SetTarget_withoutInit	40	static
../Core/Src/Actuator_Control.c:344:6:ActuatorSystem_ToggleTarget	16	static
../Core/Src/Actuator_Control.c:354:13:CalculateSyncFactor	40	static
../Core/Src/Actuator_Control.c:382:13:IsTargetReached	8	static
../Core/Src/Actuator_Control.c:407:13:InitActuator	16	static
../Core/Src/Actuator_Control.c:427:13:InitActuator_Nonstop	16	static
../Core/Src/Actuator_Control.c:448:13:UpdateActuator	48	static
../Core/Src/Actuator_Control.c:495:6:Actuator_Output_Limiter	24	static
../Core/Src/Actuator_Control.c:522:6:Actuator_Set_Output	16	static
../Core/Src/Actuator_Control.c:540:6:Show_Actuator_Speed	48	static
../Core/Src/Actuator_Control.c:563:6:ActuatorSystem_Update	88	static
../Core/Src/Actuator_Control.c:599:13:ActuatorSystem_GetState	4	static
../Core/Src/Actuator_Control.c:604:13:FinishMotion	8	static
../Core/Src/Actuator_Control.c:623:13:HandleSystemError	8	static
../Core/Src/Actuator_Control.c:633:6:Set_vkp	16	static
../Core/Src/Actuator_Control.c:637:6:Set_vki	16	static
../Core/Src/Actuator_Control.c:641:6:Set_vkd	16	static
../Core/Src/Actuator_Control.c:646:6:Show_PID	40	static
