../Core/Src/Lifter_Main.c:53:6:Lifter_Init	8	static
../Core/Src/Lifter_Main.c:73:6:Lifter_PowerOn_1Sec_Init	8	static
../Core/Src/Lifter_Main.c:87:6:Lifter_20Hz_ISR	4	static
../Core/Src/Lifter_Main.c:112:6:Lifter_20Hz_Handler	8	static
../Core/Src/Lifter_Main.c:123:6:Lifter_10Hz_Handler	8	static
../Core/Src/Lifter_Main.c:135:6:Lifter_1Hz_Handler	8	static
../Core/Src/Lifter_Main.c:158:6:Lifter_2Hz_Handler	8	static
../Core/Src/Lifter_Main.c:170:6:Lifter_1Min_Handler	8	static
../Core/Src/Lifter_Main.c:184:6:Lifter_Main	8	static
../Core/Src/Lifter_Main.c:204:6:Lifter_Key_Handler	16	static
../Core/Src/Lifter_Main.c:281:6:Lifter_Auto_Off_Handler	8	static
../Core/Src/Lifter_Main.c:303:6:Lifter_Auto_Off_Update	4	static
../Core/Src/Lifter_Main.c:308:6:Lifter_Set_Delay_Off	16	static
../Core/Src/Lifter_Main.c:313:6:Write_Lifter_Setting	16	static
../Core/Src/Lifter_Main.c:328:6:Lifter_Auto_Lock_Foot_Handler	8	static
../Core/Src/Lifter_Main.c:354:15:Read_Lifter_Setting	16	static
