../Core/Src/Lifter_Task.c:29:6:Task_Init	8	static
../Core/Src/Lifter_Task.c:44:6:Task_Debug	16	static
../Core/Src/Lifter_Task.c:49:6:Task_Clear_Waypoint	8	static
../Core/Src/Lifter_Task.c:58:6:Task_Push_Waypoint	32	static
../Core/Src/Lifter_Task.c:89:18:Task_Load_Waypoint	24	static
../Core/Src/Lifter_Task.c:114:18:Task_Search_Waypoint	24	static
../Core/Src/Lifter_Task.c:143:6:Task_Load_Job	8	static
../Core/Src/Lifter_Task.c:159:9:Task_Execute_Handler	32	static
../Core/Src/Lifter_Task.c:457:6:Task_Move_Up	16	static
../Core/Src/Lifter_Task.c:478:6:Task_Move_Down	16	static
../Core/Src/Lifter_Task.c:498:6:Task_Move_Home	8	static
../Core/Src/Lifter_Task.c:510:6:Task_Move_Stop	8	static
../Core/Src/Lifter_Task.c:516:6:Task_Set_Speed	16	static
../Core/Src/Lifter_Task.c:526:9:Task_Up_Speed	4	static
../Core/Src/Lifter_Task.c:531:9:Task_Down_Speed	4	static
../Core/Src/Lifter_Task.c:536:6:Task_Clear_Repeat	4	static
../Core/Src/Lifter_Task.c:543:6:Task_Set_Repeat	16	static
../Core/Src/Lifter_Task.c:553:6:Task_Set_StandTime	16	static
../Core/Src/Lifter_Task.c:561:6:Task_Set_Volume	16	static
../Core/Src/Lifter_Task.c:570:6:Task_Repeat	8	static
../Core/Src/Lifter_Task.c:626:6:Task_Repeat_Pause	8	static
../Core/Src/Lifter_Task.c:639:6:Task_SOS	8	static
../Core/Src/Lifter_Task.c:651:6:Task_Repeat_Timer_Handler	8	static
../Core/Src/Lifter_Task.c:660:9:Task_Get_Remain_Repeat_Times	4	static
