../Core/Src/main.c:87:5:main	1
../Core/Src/main.c:140:6:SystemClock_Config	4
../Core/Src/main.c:187:13:MX_ADC1_Init	3
../Core/Src/main.c:234:13:MX_ADC2_Init	3
../Core/Src/main.c:281:13:MX_TIM2_Init	4
../Core/Src/main.c:326:13:MX_TIM3_Init	7
../Core/Src/main.c:387:13:MX_USART1_UART_Init	2
../Core/Src/main.c:420:13:MX_USART2_UART_Init	2
../Core/Src/main.c:453:13:MX_USART3_UART_Init	2
../Core/Src/main.c:484:13:MX_DMA_Init	1
../Core/Src/main.c:517:13:MX_GPIO_Init	1
../Core/Src/main.c:588:6:Error_Handler	1
